// Jest Snapshot v1, https://goo.gl/fbAQLP

exports[`Button should match snapshot 1`] = `
<div>
  <button
    data-testid="button"
    type="button"
  >
    Crear
  </button>
</div>
`;
